2026-05-01 12:41:34 [INFO] Initialising bot…
2026-05-01 12:41:34 [INFO] ✅ Authenticated. Balance: 1.1085 USDT
2026-05-01 12:41:34 [INFO]   Leverage 100x set for XRPUSD: ✅
2026-05-01 12:41:34 [INFO] 🤖 Bot started. Loop interval: 60s
2026-05-01 12:43:32 [INFO] Stopping bot…
2026-05-01 12:43:32 [INFO] Bot stopped.
2026-05-01 12:43:33 [INFO] Initialising bot…
2026-05-01 12:43:33 [INFO] ✅ Authenticated. Balance: 1.1085 USDT
2026-05-01 12:43:33 [INFO]   Leverage 25x set for XRPUSD: ✅
2026-05-01 12:43:33 [INFO] 🤖 Bot started. Loop interval: 60s
2026-05-01 12:55:27 [INFO] Stopping bot…
2026-05-01 12:55:27 [INFO] Bot stopped.
2026-05-01 12:55:28 [INFO] Initialising bot…
2026-05-01 12:55:28 [INFO] ✅ Authenticated. Balance: 1.1085 USDT
2026-05-01 12:55:28 [INFO]   Leverage 25x set for XRPUSD: ✅
2026-05-01 12:55:29 [INFO] 🤖 Bot started. Loop interval: 60s
2026-05-01 13:02:39 [WARNING]   Insufficient balance: 1.1085 USDT
2026-05-01 13:04:42 [WARNING]   Insufficient balance: 1.1085 USDT
2026-05-01 13:07:46 [WARNING]   Insufficient balance: 1.1085 USDT
2026-05-01 13:11:51 [WARNING]   Insufficient balance: 1.1085 USDT
2026-05-01 13:12:53 [WARNING]   Insufficient balance: 1.1085 USDT
2026-05-01 13:13:54 [WARNING]   Insufficient balance: 1.1085 USDT
2026-05-01 13:14:56 [WARNING]   Insufficient balance: 1.1085 USDT
2026-05-01 13:18:00 [WARNING]   Insufficient balance: 1.1085 USDT
2026-05-01 13:32:20 [WARNING]   Insufficient balance: 1.1085 USDT
2026-05-01 13:33:21 [WARNING]   Insufficient balance: 1.1085 USDT
2026-05-01 13:34:23 [WARNING]   Insufficient balance: 1.1085 USDT
2026-05-01 13:35:24 [WARNING]   Insufficient balance: 1.1085 USDT
2026-05-01 13:51:46 [WARNING]   Insufficient balance: 1.1085 USDT
2026-05-01 13:54:51 [WARNING]   Insufficient balance: 1.1085 USDT
2026-05-01 13:55:52 [WARNING]   Insufficient balance: 1.1085 USDT
2026-05-01 13:56:54 [WARNING]   Insufficient balance: 1.1085 USDT
2026-05-01 13:57:55 [WARNING]   Insufficient balance: 1.1085 USDT
2026-05-01 13:58:57 [WARNING]   Insufficient balance: 1.1085 USDT
2026-05-01 14:02:01 [WARNING]   Insufficient balance: 1.1085 USDT
2026-05-01 14:03:03 [WARNING]   Insufficient balance: 1.1085 USDT
2026-05-01 14:04:04 [WARNING]   Insufficient balance: 1.1085 USDT
2026-05-01 14:08:10 [WARNING]   Insufficient balance: 1.1085 USDT
2026-05-01 14:14:18 [WARNING]   Insufficient balance: 1.1085 USDT
2026-05-01 14:49:05 [WARNING]   Insufficient balance: 1.1085 USDT
2026-05-01 14:50:06 [WARNING]   Insufficient balance: 1.1085 USDT
2026-05-01 14:51:08 [WARNING]   Insufficient balance: 1.1085 USDT
2026-05-01 14:54:12 [WARNING]   Insufficient balance: 1.1085 USDT
2026-05-01 14:55:14 [WARNING]   Insufficient balance: 1.1085 USDT
2026-05-01 15:01:22 [WARNING]   Insufficient balance: 1.1085 USDT
2026-05-01 15:03:25 [WARNING]   Insufficient balance: 1.1085 USDT
2026-05-01 15:07:31 [WARNING]   Insufficient balance: 1.1085 USDT
2026-05-01 15:16:43 [WARNING]   Insufficient balance: 1.1085 USDT
2026-05-01 15:20:49 [WARNING]   Insufficient balance: 1.1085 USDT
2026-05-01 15:21:51 [WARNING]   Insufficient balance: 1.1085 USDT
2026-05-01 15:24:55 [WARNING]   Insufficient balance: 1.1085 USDT
2026-05-01 15:25:56 [WARNING]   Insufficient balance: 1.1085 USDT
2026-05-01 15:33:07 [WARNING]   Insufficient balance: 1.1085 USDT
2026-05-01 15:34:08 [WARNING]   Insufficient balance: 1.1085 USDT
2026-05-01 15:38:14 [WARNING]   Insufficient balance: 1.1085 USDT
2026-05-01 15:39:15 [WARNING]   Insufficient balance: 1.1085 USDT
2026-05-01 15:43:21 [WARNING]   Insufficient balance: 1.1085 USDT
2026-05-01 15:47:26 [WARNING]   Insufficient balance: 1.1085 USDT
2026-05-01 16:01:46 [WARNING]   Insufficient balance: 1.1085 USDT
2026-05-01 16:02:47 [WARNING]   Insufficient balance: 1.1085 USDT
2026-05-01 16:23:16 [WARNING]   Insufficient balance: 1.1085 USDT
2026-05-01 17:22:36 [WARNING]   Insufficient balance: 1.1085 USDT
2026-05-01 17:38:58 [WARNING]   Insufficient balance: 1.1085 USDT
2026-05-01 17:42:02 [WARNING]   Insufficient balance: 1.1085 USDT
2026-05-01 17:48:11 [WARNING]   Insufficient balance: 1.1085 USDT
2026-05-01 17:54:19 [WARNING]   Insufficient balance: 1.1085 USDT
2026-05-01 17:55:20 [WARNING]   Insufficient balance: 1.1085 USDT
2026-05-01 17:59:26 [WARNING]   Insufficient balance: 1.1085 USDT
2026-05-01 18:02:30 [WARNING]   Insufficient balance: 1.1085 USDT
2026-05-01 18:04:33 [WARNING]   Insufficient balance: 1.1085 USDT
2026-05-01 18:11:43 [WARNING]   Insufficient balance: 1.1085 USDT
2026-05-01 18:24:00 [WARNING]   Insufficient balance: 1.1085 USDT
2026-05-01 18:31:10 [WARNING]   Insufficient balance: 1.1085 USDT
2026-05-01 18:34:14 [WARNING]   Insufficient balance: 1.1085 USDT
2026-05-01 18:57:46 [WARNING]   Insufficient balance: 1.1085 USDT
2026-05-01 19:03:54 [WARNING]   Insufficient balance: 1.1085 USDT
2026-05-01 19:04:56 [WARNING]   Insufficient balance: 1.1085 USDT
2026-05-01 19:08:00 [WARNING]   Insufficient balance: 1.1085 USDT
2026-05-01 19:10:03 [WARNING]   Insufficient balance: 1.1085 USDT
2026-05-01 19:11:04 [WARNING]   Insufficient balance: 1.1085 USDT
2026-05-01 19:14:08 [WARNING]   Insufficient balance: 1.1085 USDT
2026-05-01 19:16:11 [WARNING]   Insufficient balance: 1.1085 USDT
2026-05-01 19:54:02 [WARNING]   Insufficient balance: 1.1085 USDT
2026-05-01 20:01:11 [WARNING]   Insufficient balance: 1.1085 USDT
2026-05-01 20:02:13 [WARNING]   Insufficient balance: 1.1085 USDT
2026-05-01 21:03:34 [WARNING]   Insufficient balance: 1.1085 USDT
2026-05-01 21:10:44 [WARNING]   Insufficient balance: 1.1085 USDT
2026-05-01 21:15:51 [WARNING]   Insufficient balance: 1.1085 USDT
2026-05-01 21:19:56 [WARNING]   Insufficient balance: 1.1085 USDT
2026-05-01 21:25:03 [WARNING]   Insufficient balance: 1.1085 USDT
2026-05-01 21:33:14 [WARNING]   Insufficient balance: 1.1085 USDT
2026-05-01 21:35:17 [WARNING]   Insufficient balance: 1.1085 USDT
2026-05-01 21:37:20 [WARNING]   Insufficient balance: 1.1085 USDT
2026-05-01 21:42:27 [WARNING]   Insufficient balance: 1.1085 USDT
2026-05-01 21:43:28 [WARNING]   Insufficient balance: 1.1085 USDT
2026-05-01 21:57:47 [WARNING]   Insufficient balance: 1.1085 USDT
2026-05-01 21:58:49 [WARNING]   Insufficient balance: 1.1085 USDT
2026-05-01 22:09:03 [WARNING]   Insufficient balance: 1.1085 USDT
2026-05-01 22:13:08 [WARNING]   Insufficient balance: 1.1085 USDT
2026-05-01 22:14:10 [WARNING]   Insufficient balance: 1.1085 USDT
2026-05-01 22:15:11 [WARNING]   Insufficient balance: 1.1085 USDT
2026-05-01 22:17:14 [WARNING]   Insufficient balance: 1.1085 USDT
2026-05-01 22:20:18 [WARNING]   Insufficient balance: 1.1085 USDT
2026-05-01 22:22:21 [WARNING]   Insufficient balance: 1.1085 USDT
2026-05-01 22:23:23 [WARNING]   Insufficient balance: 1.1085 USDT
2026-05-01 23:08:22 [WARNING]   Insufficient balance: 1.1085 USDT
2026-05-01 23:45:11 [WARNING]   Insufficient balance: 1.1085 USDT
2026-05-01 23:48:15 [WARNING]   Insufficient balance: 1.1085 USDT
2026-05-02 00:00:31 [INFO] 📅 Daily stats reset.
2026-05-02 00:01:33 [WARNING]   Insufficient balance: 1.1085 USDT
2026-05-02 00:02:35 [WARNING]   Insufficient balance: 1.1085 USDT
2026-05-02 00:06:40 [WARNING]   Insufficient balance: 1.1085 USDT
2026-05-02 00:14:51 [WARNING]   Insufficient balance: 1.1085 USDT
2026-05-02 00:15:53 [WARNING]   Insufficient balance: 1.1085 USDT
2026-05-02 00:27:08 [WARNING]   Insufficient balance: 1.1085 USDT
2026-05-02 00:29:11 [WARNING]   Insufficient balance: 1.1085 USDT
2026-05-02 00:33:16 [WARNING]   Insufficient balance: 1.1085 USDT
2026-05-02 00:34:18 [WARNING]   Insufficient balance: 1.1085 USDT
2026-05-02 00:44:31 [WARNING]   Insufficient balance: 1.1085 USDT
2026-05-02 01:16:14 [WARNING]   Insufficient balance: 1.1085 USDT
2026-05-02 01:29:31 [WARNING]   Insufficient balance: 1.1085 USDT
2026-05-02 01:34:38 [WARNING]   Insufficient balance: 1.1085 USDT
2026-05-02 01:35:40 [WARNING]   Insufficient balance: 1.1085 USDT
2026-05-02 02:12:29 [WARNING]   Insufficient balance: 1.1085 USDT
2026-05-02 02:14:32 [WARNING]   Insufficient balance: 1.1085 USDT
2026-05-02 02:15:33 [WARNING]   Insufficient balance: 1.1085 USDT
2026-05-02 02:22:43 [WARNING]   Insufficient balance: 1.1085 USDT
2026-05-02 02:51:21 [WARNING]   Insufficient balance: 1.1085 USDT
2026-05-02 02:52:22 [WARNING]   Insufficient balance: 1.1085 USDT
2026-05-02 02:53:24 [WARNING]   Insufficient balance: 1.1085 USDT
2026-05-02 02:54:25 [WARNING]   Insufficient balance: 1.1085 USDT
2026-05-02 03:07:43 [WARNING]   Insufficient balance: 1.1085 USDT
2026-05-02 03:23:04 [WARNING]   Insufficient balance: 1.1085 USDT
2026-05-02 03:24:05 [WARNING]   Insufficient balance: 1.1085 USDT
2026-05-02 03:25:07 [WARNING]   Insufficient balance: 1.1085 USDT
2026-05-02 03:29:12 [WARNING]   Insufficient balance: 1.1085 USDT
2026-05-02 03:30:14 [WARNING]   Insufficient balance: 1.1085 USDT
2026-05-02 03:32:17 [WARNING]   Insufficient balance: 1.1085 USDT
2026-05-02 03:34:20 [WARNING]   Insufficient balance: 1.1085 USDT
2026-05-02 03:35:21 [WARNING]   Insufficient balance: 1.1085 USDT
2026-05-02 03:36:23 [WARNING]   Insufficient balance: 1.1085 USDT
2026-05-02 03:40:28 [WARNING]   Insufficient balance: 1.1085 USDT
2026-05-02 04:01:57 [WARNING]   Insufficient balance: 1.1085 USDT
2026-05-02 04:36:44 [WARNING]   Insufficient balance: 1.1085 USDT
2026-05-02 04:43:53 [WARNING]   Insufficient balance: 1.1085 USDT
2026-05-02 05:10:30 [WARNING]   Insufficient balance: 1.1085 USDT
2026-05-02 05:25:50 [WARNING]   Insufficient balance: 1.1085 USDT
2026-05-02 05:41:11 [WARNING]   Insufficient balance: 1.1085 USDT
2026-05-02 05:42:12 [WARNING]   Insufficient balance: 1.1085 USDT
2026-05-02 05:49:22 [WARNING]   Insufficient balance: 1.1085 USDT
2026-05-02 05:55:30 [WARNING]   Insufficient balance: 1.1085 USDT
2026-05-02 05:58:34 [WARNING]   Insufficient balance: 1.1085 USDT
2026-05-02 06:04:43 [WARNING]   Insufficient balance: 1.1085 USDT
2026-05-02 06:07:47 [WARNING]   Insufficient balance: 1.1085 USDT
2026-05-02 06:17:00 [WARNING]   Insufficient balance: 1.1085 USDT
2026-05-02 06:18:02 [WARNING]   Insufficient balance: 1.1085 USDT
2026-05-02 06:45:39 [WARNING]   Insufficient balance: 1.1085 USDT
2026-05-02 06:50:46 [WARNING]   Insufficient balance: 1.1085 USDT
2026-05-02 06:51:47 [WARNING]   Insufficient balance: 1.1085 USDT
2026-05-02 06:54:51 [WARNING]   Insufficient balance: 1.1085 USDT
2026-05-02 06:55:53 [WARNING]   Insufficient balance: 1.1085 USDT
2026-05-02 06:59:58 [WARNING]   Insufficient balance: 1.1085 USDT
2026-05-02 07:01:00 [WARNING]   Insufficient balance: 1.1085 USDT
2026-05-02 07:02:01 [WARNING]   Insufficient balance: 1.1085 USDT
2026-05-02 07:04:04 [WARNING]   Insufficient balance: 1.1085 USDT
2026-05-02 07:05:06 [WARNING]   Insufficient balance: 1.1085 USDT
2026-05-02 07:11:14 [WARNING]   Insufficient balance: 1.1085 USDT
2026-05-02 07:24:32 [WARNING]   Insufficient balance: 1.1085 USDT
2026-05-02 07:33:44 [WARNING]   Insufficient balance: 1.1085 USDT
2026-05-02 08:37:10 [WARNING]   Insufficient balance: 1.1085 USDT
2026-05-02 08:53:32 [WARNING]   Insufficient balance: 1.1085 USDT
2026-05-02 08:54:34 [WARNING]   Insufficient balance: 1.1085 USDT
2026-05-02 09:11:57 [WARNING]   Insufficient balance: 1.1085 USDT
2026-05-02 09:15:02 [WARNING]   Insufficient balance: 1.1085 USDT
2026-05-02 09:18:06 [WARNING]   Insufficient balance: 1.1085 USDT
2026-05-02 09:20:09 [WARNING]   Insufficient balance: 1.1085 USDT
2026-05-02 09:22:12 [WARNING]   Insufficient balance: 1.1085 USDT
2026-05-02 09:23:14 [WARNING]   Insufficient balance: 1.1085 USDT
2026-05-02 09:38:35 [WARNING]   Insufficient balance: 1.1085 USDT
2026-05-02 09:39:36 [WARNING]   Insufficient balance: 1.1085 USDT
2026-05-02 09:40:38 [WARNING]   Insufficient balance: 1.1085 USDT
2026-05-02 09:54:57 [WARNING]   Insufficient balance: 1.1085 USDT
2026-05-02 10:01:06 [WARNING]   Insufficient balance: 1.1085 USDT
2026-05-02 10:11:20 [WARNING]   Insufficient balance: 1.1085 USDT
2026-05-02 10:12:22 [WARNING]   Insufficient balance: 1.1085 USDT
2026-05-02 10:13:23 [WARNING]   Insufficient balance: 1.1085 USDT
2026-05-02 10:20:33 [WARNING]   Insufficient balance: 1.1085 USDT
2026-05-02 10:21:35 [WARNING]   Insufficient balance: 1.1085 USDT
2026-05-02 10:22:37 [WARNING]   Insufficient balance: 1.1085 USDT
2026-05-02 10:49:13 [WARNING]   Insufficient balance: 1.1085 USDT
2026-05-02 10:50:15 [WARNING]   Insufficient balance: 1.1085 USDT
2026-05-02 10:51:16 [WARNING]   Insufficient balance: 1.1085 USDT
2026-05-02 10:52:18 [WARNING]   Insufficient balance: 1.1085 USDT
2026-05-02 10:54:21 [WARNING]   Insufficient balance: 1.1085 USDT
2026-05-02 10:59:28 [WARNING]   Insufficient balance: 1.1085 USDT
2026-05-02 11:09:41 [WARNING]   Insufficient balance: 1.1085 USDT
2026-05-02 11:24:01 [WARNING]   Insufficient balance: 1.1085 USDT
2026-05-02 11:30:09 [WARNING]   Insufficient balance: 1.1085 USDT
2026-05-02 11:31:11 [WARNING]   Insufficient balance: 1.1085 USDT
2026-05-02 11:32:13 [WARNING]   Insufficient balance: 1.1085 USDT
2026-05-02 11:34:16 [WARNING]   Insufficient balance: 1.1085 USDT
2026-05-02 12:03:56 [WARNING]   Insufficient balance: 1.1085 USDT
2026-05-02 12:27:27 [WARNING]   Insufficient balance: 1.1085 USDT
2026-05-02 12:28:29 [WARNING]   Insufficient balance: 1.1085 USDT
2026-05-02 12:31:33 [WARNING]   Insufficient balance: 1.1085 USDT
2026-05-02 12:45:52 [WARNING]   Insufficient balance: 1.1085 USDT
2026-05-02 13:06:20 [WARNING]   Insufficient balance: 1.1085 USDT
2026-05-02 13:09:24 [WARNING]   Insufficient balance: 1.1085 USDT
2026-05-02 13:11:27 [WARNING]   Insufficient balance: 1.1085 USDT
2026-05-02 13:16:34 [WARNING]   Insufficient balance: 1.1085 USDT
2026-05-02 13:20:39 [WARNING]   Insufficient balance: 1.1085 USDT
2026-05-02 13:36:00 [WARNING]   Insufficient balance: 1.1085 USDT
2026-05-02 13:44:11 [WARNING]   Insufficient balance: 1.1085 USDT
2026-05-02 13:45:13 [WARNING]   Insufficient balance: 1.1085 USDT
2026-05-02 13:46:15 [WARNING]   Insufficient balance: 1.1085 USDT
2026-05-02 13:47:16 [WARNING]   Insufficient balance: 1.1085 USDT
2026-05-02 13:54:26 [WARNING]   Insufficient balance: 1.1085 USDT
2026-05-02 14:06:43 [WARNING]   Insufficient balance: 1.1085 USDT
2026-05-02 14:07:44 [WARNING]   Insufficient balance: 1.1085 USDT
2026-05-02 14:08:46 [WARNING]   Insufficient balance: 1.1085 USDT
2026-05-02 14:24:08 [WARNING]   Insufficient balance: 1.1085 USDT
2026-05-02 14:27:12 [WARNING]   Insufficient balance: 1.1085 USDT
2026-05-02 14:30:16 [WARNING]   Insufficient balance: 1.1085 USDT
2026-05-02 14:33:21 [WARNING]   Insufficient balance: 1.1085 USDT
2026-05-02 14:36:25 [WARNING]   Insufficient balance: 1.1085 USDT
2026-05-02 14:38:28 [WARNING]   Insufficient balance: 1.1085 USDT
2026-05-02 15:02:00 [WARNING]   Insufficient balance: 1.1085 USDT
2026-05-02 15:07:08 [WARNING]   Insufficient balance: 1.1085 USDT
2026-05-02 15:08:09 [WARNING]   Insufficient balance: 1.1085 USDT
2026-05-02 15:09:11 [WARNING]   Insufficient balance: 1.1085 USDT
2026-05-02 15:10:12 [WARNING]   Insufficient balance: 1.1085 USDT
2026-05-02 15:23:30 [WARNING]   Insufficient balance: 1.1085 USDT
2026-05-02 15:51:07 [WARNING]   Insufficient balance: 1.1085 USDT
2026-05-02 15:54:12 [WARNING]   Insufficient balance: 1.1085 USDT
2026-05-02 15:56:14 [WARNING]   Insufficient balance: 1.1085 USDT
2026-05-02 16:01:21 [WARNING]   Insufficient balance: 1.1085 USDT
2026-05-02 16:06:28 [WARNING]   Insufficient balance: 1.1085 USDT
2026-05-02 16:09:33 [WARNING]   Insufficient balance: 1.1085 USDT
2026-05-02 16:12:37 [WARNING]   Insufficient balance: 1.1085 USDT
2026-05-02 16:42:17 [WARNING]   Insufficient balance: 1.1023 USDT
2026-05-02 16:51:29 [WARNING]   Insufficient balance: 1.0974 USDT
2026-05-02 16:57:37 [WARNING]   Insufficient balance: 1.0974 USDT
2026-05-02 17:02:44 [WARNING]   Insufficient balance: 1.0974 USDT
2026-05-02 17:04:47 [WARNING]   Insufficient balance: 1.0974 USDT
2026-05-02 17:06:50 [WARNING]   Insufficient balance: 1.0974 USDT
2026-05-02 17:12:59 [WARNING]   Insufficient balance: 1.0974 USDT
2026-05-02 17:16:03 [WARNING]   Insufficient balance: 1.0974 USDT
2026-05-02 17:37:32 [WARNING]   Insufficient balance: 1.0974 USDT
2026-05-02 18:21:31 [WARNING]   Insufficient balance: 1.0974 USDT
2026-05-02 18:22:33 [WARNING]   Insufficient balance: 1.0974 USDT
2026-05-02 18:33:48 [WARNING]   Insufficient balance: 1.0974 USDT
2026-05-02 18:34:49 [WARNING]   Insufficient balance: 1.0974 USDT
2026-05-02 18:35:51 [WARNING]   Insufficient balance: 1.0974 USDT
2026-05-02 18:40:58 [WARNING]   Insufficient balance: 1.0974 USDT
2026-05-02 18:58:21 [WARNING]   Insufficient balance: 1.0974 USDT
2026-05-02 19:04:29 [WARNING]   Insufficient balance: 1.0974 USDT
2026-05-02 19:09:36 [WARNING]   Insufficient balance: 1.0974 USDT
2026-05-02 19:11:39 [WARNING]   Insufficient balance: 1.0974 USDT
2026-05-02 19:14:43 [WARNING]   Insufficient balance: 1.0974 USDT
2026-05-02 19:15:45 [WARNING]   Insufficient balance: 1.0974 USDT
2026-05-02 19:30:04 [WARNING]   Insufficient balance: 1.0974 USDT
2026-05-02 19:42:21 [WARNING]   Insufficient balance: 1.0974 USDT
2026-05-02 19:43:22 [WARNING]   Insufficient balance: 1.0974 USDT
2026-05-02 19:47:28 [WARNING]   Insufficient balance: 1.0974 USDT
2026-05-02 20:35:32 [WARNING]   Insufficient balance: 1.0974 USDT
2026-05-02 20:36:33 [WARNING]   Insufficient balance: 1.0974 USDT
2026-05-02 20:37:35 [WARNING]   Insufficient balance: 1.0974 USDT
2026-05-02 20:38:37 [WARNING]   Insufficient balance: 1.0974 USDT
2026-05-02 20:39:38 [WARNING]   Insufficient balance: 1.0974 USDT
2026-05-02 20:40:39 [WARNING]   Insufficient balance: 1.0974 USDT
2026-05-02 20:41:41 [WARNING]   Insufficient balance: 1.0974 USDT
2026-05-02 20:53:57 [WARNING]   Insufficient balance: 1.0974 USDT
2026-05-02 20:57:02 [WARNING]   Insufficient balance: 1.0974 USDT
2026-05-02 20:58:03 [WARNING]   Insufficient balance: 1.0974 USDT
2026-05-02 21:03:10 [WARNING]   Insufficient balance: 1.0974 USDT
2026-05-02 21:38:58 [WARNING]   Insufficient balance: 1.0974 USDT
2026-05-02 21:39:59 [WARNING]   Insufficient balance: 1.0974 USDT
2026-05-02 21:51:15 [WARNING]   Insufficient balance: 1.0974 USDT
2026-05-02 22:14:46 [WARNING]   Insufficient balance: 1.0974 USDT
2026-05-02 22:15:47 [WARNING]   Insufficient balance: 1.0974 USDT
2026-05-02 22:16:49 [WARNING]   Insufficient balance: 1.0974 USDT
2026-05-02 22:36:15 [WARNING]   Insufficient balance: 1.0974 USDT
2026-05-02 22:37:17 [WARNING]   Insufficient balance: 1.0974 USDT
2026-05-02 22:39:19 [WARNING]   Insufficient balance: 1.0974 USDT
2026-05-02 22:40:21 [WARNING]   Insufficient balance: 1.0974 USDT
2026-05-02 22:48:32 [WARNING]   Insufficient balance: 1.0974 USDT
2026-05-02 22:51:36 [WARNING]   Insufficient balance: 1.0974 USDT
2026-05-02 22:52:38 [WARNING]   Insufficient balance: 1.0974 USDT
2026-05-02 22:53:39 [WARNING]   Insufficient balance: 1.0974 USDT
2026-05-02 22:56:43 [WARNING]   Insufficient balance: 1.0974 USDT
2026-05-02 22:57:45 [WARNING]   Insufficient balance: 1.0974 USDT
2026-05-02 22:58:46 [WARNING]   Insufficient balance: 1.0974 USDT
2026-05-02 22:59:48 [WARNING]   Insufficient balance: 1.0974 USDT
2026-05-02 23:18:13 [WARNING]   Insufficient balance: 1.0974 USDT
2026-05-02 23:20:16 [WARNING]   Insufficient balance: 1.0974 USDT
2026-05-02 23:21:17 [WARNING]   Insufficient balance: 1.0974 USDT
2026-05-02 23:31:31 [WARNING]   Insufficient balance: 1.0974 USDT
2026-05-02 23:32:33 [WARNING]   Insufficient balance: 1.0974 USDT
2026-05-02 23:33:34 [WARNING]   Insufficient balance: 1.0974 USDT
2026-05-02 23:36:39 [WARNING]   Insufficient balance: 1.0974 USDT
2026-05-02 23:37:40 [WARNING]   Insufficient balance: 1.0974 USDT
2026-05-02 23:49:57 [WARNING]   Insufficient balance: 1.0974 USDT
2026-05-03 00:00:10 [INFO] 📅 Daily stats reset.
2026-05-03 00:31:53 [WARNING]   Insufficient balance: 1.0974 USDT
2026-05-03 00:32:55 [WARNING]   Insufficient balance: 1.0974 USDT
2026-05-03 01:26:06 [WARNING]   Insufficient balance: 1.0974 USDT
2026-05-03 02:46:53 [WARNING]   Insufficient balance: 1.0974 USDT
2026-05-03 02:49:57 [WARNING]   Insufficient balance: 1.0974 USDT
2026-05-03 02:52:00 [WARNING]   Insufficient balance: 1.0974 USDT
2026-05-03 02:56:05 [WARNING]   Insufficient balance: 1.0974 USDT
2026-05-03 03:02:14 [WARNING]   Insufficient balance: 1.0974 USDT
2026-05-03 03:17:34 [WARNING]   Insufficient balance: 1.0974 USDT
2026-05-03 03:23:43 [WARNING]   Insufficient balance: 1.0974 USDT
2026-05-03 03:29:52 [WARNING]   Insufficient balance: 1.0974 USDT
2026-05-03 03:30:53 [WARNING]   Insufficient balance: 1.0974 USDT
2026-05-03 03:40:06 [WARNING]   Insufficient balance: 1.0974 USDT
2026-05-03 03:53:23 [WARNING]   Insufficient balance: 1.0974 USDT
2026-05-03 03:54:25 [WARNING]   Insufficient balance: 1.0974 USDT
2026-05-03 04:18:58 [WARNING]   Insufficient balance: 1.0974 USDT
2026-05-03 04:22:02 [WARNING]   Insufficient balance: 1.0974 USDT
2026-05-03 04:23:03 [WARNING]   Insufficient balance: 1.0974 USDT
2026-05-03 04:28:10 [WARNING]   Insufficient balance: 1.0974 USDT
2026-05-03 04:32:16 [WARNING]   Insufficient balance: 1.0974 USDT
2026-05-03 04:36:21 [WARNING]   Insufficient balance: 1.0974 USDT
2026-05-03 04:37:23 [WARNING]   Insufficient balance: 1.0974 USDT
2026-05-03 04:38:24 [WARNING]   Insufficient balance: 1.0974 USDT
2026-05-03 04:39:26 [WARNING]   Insufficient balance: 1.0974 USDT
2026-05-03 04:42:30 [WARNING]   Insufficient balance: 1.0974 USDT
2026-05-03 04:44:33 [WARNING]   Insufficient balance: 1.0974 USDT
2026-05-03 05:01:57 [WARNING]   Insufficient balance: 1.0974 USDT
2026-05-03 05:06:02 [WARNING]   Insufficient balance: 1.0974 USDT
2026-05-03 05:07:04 [WARNING]   Insufficient balance: 1.0974 USDT
2026-05-03 05:08:05 [WARNING]   Insufficient balance: 1.0974 USDT
2026-05-03 05:17:18 [WARNING]   Insufficient balance: 1.0974 USDT
2026-05-03 05:21:23 [WARNING]   Insufficient balance: 1.0974 USDT
2026-05-03 05:24:28 [WARNING]   Insufficient balance: 1.0974 USDT
2026-05-03 05:27:32 [WARNING]   Insufficient balance: 1.0974 USDT
2026-05-03 05:28:33 [WARNING]   Insufficient balance: 1.0974 USDT
2026-05-03 05:35:43 [WARNING]   Insufficient balance: 1.0974 USDT
2026-05-03 06:51:25 [WARNING]   Insufficient balance: 1.0974 USDT
2026-05-03 06:52:27 [WARNING]   Insufficient balance: 1.0974 USDT
2026-05-03 06:55:31 [WARNING]   Insufficient balance: 1.0974 USDT
2026-05-03 07:00:38 [WARNING]   Insufficient balance: 1.0974 USDT
2026-05-03 07:01:40 [WARNING]   Insufficient balance: 1.0974 USDT
2026-05-03 07:02:41 [WARNING]   Insufficient balance: 1.0974 USDT
2026-05-03 07:03:43 [WARNING]   Insufficient balance: 1.0974 USDT
2026-05-03 07:04:44 [WARNING]   Insufficient balance: 1.0974 USDT
2026-05-03 07:05:46 [WARNING]   Insufficient balance: 1.0974 USDT
2026-05-03 07:06:47 [WARNING]   Insufficient balance: 1.0974 USDT
2026-05-03 07:22:08 [WARNING]   Insufficient balance: 1.0981 USDT
2026-05-03 07:26:14 [WARNING]   Insufficient balance: 1.0981 USDT
2026-05-03 07:27:15 [WARNING]   Insufficient balance: 1.0981 USDT
2026-05-03 07:28:17 [WARNING]   Insufficient balance: 1.0981 USDT
2026-05-03 07:29:18 [WARNING]   Insufficient balance: 1.0981 USDT
2026-05-03 07:46:41 [WARNING]   Insufficient balance: 1.0981 USDT
2026-05-03 08:17:23 [WARNING]   Insufficient balance: 1.0828 USDT
2026-05-03 08:18:24 [WARNING]   Insufficient balance: 1.0828 USDT
2026-05-03 08:19:26 [WARNING]   Insufficient balance: 1.0828 USDT
2026-05-03 08:20:27 [WARNING]   Insufficient balance: 1.0828 USDT
2026-05-03 08:33:45 [WARNING]   Insufficient balance: 1.0809 USDT
2026-05-03 08:39:54 [WARNING]   Insufficient balance: 1.0798 USDT
2026-05-03 08:48:04 [WARNING]   Insufficient balance: 1.0788 USDT
2026-05-03 08:52:10 [WARNING]   Insufficient balance: 1.0788 USDT
2026-05-03 08:53:12 [WARNING]   Insufficient balance: 1.0788 USDT
2026-05-03 09:08:32 [WARNING]   Insufficient balance: 1.0217 USDT
2026-05-03 09:09:34 [WARNING]   Insufficient balance: 1.0217 USDT
2026-05-03 09:10:35 [WARNING]   Insufficient balance: 1.0217 USDT
2026-05-03 09:12:38 [WARNING]   Insufficient balance: 1.0217 USDT
2026-05-03 09:24:55 [WARNING]   Insufficient balance: 1.0217 USDT
2026-05-03 09:40:15 [WARNING]   Insufficient balance: 1.0217 USDT
2026-05-03 09:54:35 [WARNING]   Insufficient balance: 1.0779 USDT
2026-05-03 09:55:36 [WARNING]   Insufficient balance: 1.0779 USDT
2026-05-03 10:32:25 [WARNING]   Insufficient balance: 1.0043 USDT
2026-05-03 10:35:29 [WARNING]   Insufficient balance: 1.0611 USDT
2026-05-03 10:36:31 [WARNING]   Insufficient balance: 1.0611 USDT
2026-05-03 10:39:35 [WARNING]   Insufficient balance: 1.0611 USDT
2026-05-03 11:04:08 [WARNING]   Insufficient balance: 1.0037 USDT
2026-05-03 11:11:18 [WARNING]   Insufficient balance: 1.0011 USDT
2026-05-03 11:12:19 [WARNING]   Insufficient balance: 1.0011 USDT
2026-05-03 11:13:21 [WARNING]   Insufficient balance: 1.0011 USDT
2026-05-03 11:14:22 [WARNING]   Insufficient balance: 1.0011 USDT
2026-05-03 11:21:32 [WARNING]   Insufficient balance: 1.0018 USDT
2026-05-03 11:22:33 [WARNING]   Insufficient balance: 1.0018 USDT
2026-05-03 11:34:50 [WARNING]   Insufficient balance: 1.0585 USDT
2026-05-03 11:35:51 [WARNING]   Insufficient balance: 1.0585 USDT
2026-05-03 11:36:53 [WARNING]   Insufficient balance: 1.0585 USDT
2026-05-03 11:40:58 [WARNING]   Insufficient balance: 1.0585 USDT
2026-05-03 11:43:01 [WARNING]   Insufficient balance: 1.0585 USDT
2026-05-03 11:44:03 [WARNING]   Insufficient balance: 1.0585 USDT
2026-05-03 11:44:57 [INFO] Stopping bot…
2026-05-03 11:44:57 [INFO] Bot stopped.
